[0m18:01:20.173612 [debug] [MainThread]: Sending event: {'category': 'dbt', 'action': 'invocation', 'label': 'start', 'context': [<snowplow_tracker.self_describing_json.SelfDescribingJson object at 0x7666640e2b40>, <snowplow_tracker.self_describing_json.SelfDescribingJson object at 0x766664bc5cd0>, <snowplow_tracker.self_describing_json.SelfDescribingJson object at 0x766665c03950>]}


============================== 18:01:20.242039 | 6e31fea1-fcb9-4f7f-a7ef-c05e19264d3d ==============================
[0m18:01:20.242039 [info ] [MainThread]: Running with dbt=1.12.0
[0m18:01:20.243156 [debug] [MainThread]: running dbt with arguments {'introspect': 'True', 'quiet': 'False', 'profiles_dir': '/home/tqn6hc/.dbt', 'maximum_seed_size_mib': '1', 'no_print': 'None', 'log_path': 'logs', 'cache_selected_only': 'False', 'version_check': 'True', 'partial_parse': 'True', 'send_anonymous_usage_stats': 'True', 'invocation_command': 'dbt init', 'use_experimental_parser': 'False', 'debug': 'False', 'fail_fast': 'False', 'write_json': 'True', 'target_path': 'None', 'warn_error': 'None', 'static_parser': 'True', 'hints_enabled': 'True', 'printer_width': '80', 'log_format': 'default', 'indirect_selection': 'eager', 'use_colors': 'True', 'warn_error_options': 'WarnErrorOptionsV2(error=[], warn=[], silence=[])', 'log_cache_events': 'False', 'empty': 'None'}
[0m18:01:39.603669 [debug] [MainThread]: Starter project path: /home/tqn6hc/Downloads/AIDE/DBT_Project/.venv/lib/python3.12/site-packages/dbt/include/starter_project
[0m18:01:39.612288 [info ] [MainThread]: Setting up your profile.
[0m18:02:16.150224 [debug] [MainThread]: Spark adapter: Setting pyhive.hive logging to ERROR
[0m18:02:16.151293 [debug] [MainThread]: Spark adapter: Setting thrift.transport logging to ERROR
[0m18:02:16.151648 [debug] [MainThread]: Spark adapter: Setting thrift.protocol logging to ERROR
[0m18:08:06.568190 [info ] [MainThread]: Profile dbt_project_tutorial written to /home/tqn6hc/.dbt/profiles.yml using target's profile_template.yml and your supplied values.
[0m18:08:06.579845 [info ] [MainThread]: Running dbt debug to validate the project...
[0m18:08:06.580711 [info ] [MainThread]: dbt version: 1.12.0
[0m18:08:06.581047 [info ] [MainThread]: python version: 3.12.12
[0m18:08:06.581520 [info ] [MainThread]: python path: /home/tqn6hc/Downloads/AIDE/DBT_Project/.venv/bin/python3
[0m18:08:06.581832 [info ] [MainThread]: os info: Linux-6.6.87.2-microsoft-standard-WSL2-x86_64-with-glibc2.39
[0m18:08:06.634171 [info ] [MainThread]: Using profiles dir at /home/tqn6hc/.dbt
[0m18:08:06.634661 [info ] [MainThread]: Using profiles.yml file at /home/tqn6hc/.dbt/profiles.yml
[0m18:08:06.635028 [info ] [MainThread]: Using dbt_project.yml file at /home/tqn6hc/Downloads/AIDE/DBT_Project/dbt_project_tutorial/dbt_project.yml
[0m18:08:06.635556 [info ] [MainThread]: adapter type: databricks
[0m18:08:06.635866 [info ] [MainThread]: adapter version: 1.10.9
[0m18:08:06.750796 [info ] [MainThread]: Configuration:
[0m18:08:06.751317 [info ] [MainThread]:   profiles.yml file [[32mOK found and valid[0m]
[0m18:08:06.751746 [info ] [MainThread]:   dbt_project.yml file [[32mOK found and valid[0m]
[0m18:08:06.752071 [info ] [MainThread]: Required dependencies:
[0m18:08:06.752467 [debug] [MainThread]: Executing "git --help"
[0m18:08:06.766008 [debug] [MainThread]: STDOUT: "b"usage: git [-v | --version] [-h | --help] [-C <path>] [-c <name>=<value>]\n           [--exec-path[=<path>]] [--html-path] [--man-path] [--info-path]\n           [-p | --paginate | -P | --no-pager] [--no-replace-objects] [--bare]\n           [--git-dir=<path>] [--work-tree=<path>] [--namespace=<name>]\n           [--config-env=<name>=<envvar>] <command> [<args>]\n\nThese are common Git commands used in various situations:\n\nstart a working area (see also: git help tutorial)\n   clone     Clone a repository into a new directory\n   init      Create an empty Git repository or reinitialize an existing one\n\nwork on the current change (see also: git help everyday)\n   add       Add file contents to the index\n   mv        Move or rename a file, a directory, or a symlink\n   restore   Restore working tree files\n   rm        Remove files from the working tree and from the index\n\nexamine the history and state (see also: git help revisions)\n   bisect    Use binary search to find the commit that introduced a bug\n   diff      Show changes between commits, commit and working tree, etc\n   grep      Print lines matching a pattern\n   log       Show commit logs\n   show      Show various types of objects\n   status    Show the working tree status\n\ngrow, mark and tweak your common history\n   branch    List, create, or delete branches\n   commit    Record changes to the repository\n   merge     Join two or more development histories together\n   rebase    Reapply commits on top of another base tip\n   reset     Reset current HEAD to the specified state\n   switch    Switch branches\n   tag       Create, list, delete or verify a tag object signed with GPG\n\ncollaborate (see also: git help workflows)\n   fetch     Download objects and refs from another repository\n   pull      Fetch from and integrate with another repository or a local branch\n   push      Update remote refs along with associated objects\n\n'git help -a' and 'git help -g' list available subcommands and some\nconcept guides. See 'git help <command>' or 'git help <concept>'\nto read about a specific subcommand or concept.\nSee 'git help git' for an overview of the system.\n""
[0m18:08:06.766772 [debug] [MainThread]: STDERR: "b''"
[0m18:08:06.767329 [info ] [MainThread]:  - git [[32mOK found[0m]

[0m18:08:06.768241 [info ] [MainThread]: Connection:
[0m18:08:06.768687 [info ] [MainThread]:   host: dbc-d0970dbe-0890.cloud.databricks.com
[0m18:08:06.769051 [info ] [MainThread]:   http_path: /sql/1.0/warehouses/b3100640b22aa6ef
[0m18:08:06.769464 [info ] [MainThread]:   catalog: dbt_tutorial_dev
[0m18:08:06.769823 [info ] [MainThread]:   schema: default
[0m18:08:06.770499 [info ] [MainThread]: Registered adapter: databricks=1.10.9
[0m18:08:06.912380 [debug] [MainThread]: Databricks adapter: DatabricksDBTConnection(session-id=None, name=debug) - Creating connection
[0m18:08:06.912869 [debug] [MainThread]: Acquiring new databricks connection 'debug'
[0m18:08:06.913244 [debug] [MainThread]: Using databricks connection "debug"
[0m18:08:06.913625 [debug] [MainThread]: On debug: select 1 as id
[0m18:08:06.913947 [debug] [MainThread]: Opening a new connection, currently in state init
[0m18:08:09.307776 [error] [MainThread]: databricks-sql-connector adapter: ThriftBackend.attempt_request: Exception: %s
[0m18:08:09.331502 [error] [MainThread]: Databricks adapter: Connection(session-id=Unknown) - Exception while trying to create connection: Error during request to server: : Provided access token does not have required scopes: sql. 
Error properties: attempt=1/30, bounded-retry-delay=None, elapsed-seconds=2.348693370819092/900.0, error-message=: Provided access token does not have required scopes: sql, http-code=403, method=OpenSession, no-retry-reason=non-retryable error, original-exception=, query-id=None, session-id=None
[0m18:08:09.332310 [debug] [MainThread]: Databricks adapter: Exception while trying to execute query
select 1 as id
: Database Error
  Error during request to server: : Provided access token does not have required scopes: sql. 
[0m18:08:09.332819 [debug] [MainThread]: On debug: No close available on handle
[0m18:08:09.333122 [info ] [MainThread]:   Connection test: [[31mERROR[0m]

[0m18:08:09.333483 [info ] [MainThread]: [31m1 check failed:[0m
[0m18:08:09.333825 [info ] [MainThread]: dbt was unable to connect to the specified database.
The database returned the following error:

  >Database Error
  Database Error
    Error during request to server: : Provided access token does not have required scopes: sql. 

Check your database credentials and try again. For more information, visit:
https://docs.getdbt.com/docs/configure-your-profile


[0m18:08:09.334226 [info ] [MainThread]: Your new dbt project "dbt_project_tutorial" was created!
Initialized new project in /home/tqn6hc/Downloads/AIDE/DBT_Project/dbt_project_tutorial/dbt_project_tutorial

For more information on how to configure the profiles.yml file,
please consult the dbt documentation here:

  https://docs.getdbt.com/docs/configure-your-profile

One more thing:

Need help? Don't hesitate to reach out to us via GitHub issues or on Slack:

  https://community.getdbt.com/

Happy modeling!

[0m18:08:09.334629 [info ] [MainThread]: [31mYour profile may need adjustments. You can find the logs of `dbt debug` above[0m
[0m18:08:09.336860 [debug] [MainThread]: Resource report: {"command_name": "init", "command_success": true, "command_wall_clock_time": 409.25586, "process_in_blocks": "275360", "process_kernel_time": 0.813594, "process_mem_max_rss": "298832", "process_out_blocks": "44832", "process_user_time": 6.364476}
[0m18:08:09.341975 [debug] [MainThread]: Command `dbt init` succeeded at 18:08:09.341781 after 409.26 seconds
[0m18:08:09.342600 [debug] [MainThread]: Sending event: {'category': 'dbt', 'action': 'invocation', 'label': 'end', 'context': [<snowplow_tracker.self_describing_json.SelfDescribingJson object at 0x766668bbb170>, <snowplow_tracker.self_describing_json.SelfDescribingJson object at 0x766663ee5d60>, <snowplow_tracker.self_describing_json.SelfDescribingJson object at 0x7666624fdfd0>]}
[0m18:08:09.343110 [debug] [MainThread]: Flushing usage events
[0m18:08:11.306428 [debug] [MainThread]: An error was encountered while trying to flush usage events
[0m18:08:34.031826 [debug] [MainThread]: Sending event: {'category': 'dbt', 'action': 'invocation', 'label': 'start', 'context': [<snowplow_tracker.self_describing_json.SelfDescribingJson object at 0x76d02d231f70>, <snowplow_tracker.self_describing_json.SelfDescribingJson object at 0x76d02e256390>, <snowplow_tracker.self_describing_json.SelfDescribingJson object at 0x76d02d935760>]}


============================== 18:08:34.038721 | 5b7e42ad-e81c-40d1-9db8-94d06a149d5e ==============================
[0m18:08:34.038721 [info ] [MainThread]: Running with dbt=1.12.0
[0m18:08:34.039706 [debug] [MainThread]: running dbt with arguments {'maximum_seed_size_mib': '1', 'target_path': 'None', 'send_anonymous_usage_stats': 'True', 'log_path': 'logs', 'empty': 'None', 'hints_enabled': 'True', 'no_print': 'None', 'indirect_selection': 'eager', 'warn_error_options': 'WarnErrorOptionsV2(error=[], warn=[], silence=[])', 'cache_selected_only': 'False', 'profiles_dir': '/home/tqn6hc/.dbt', 'log_cache_events': 'False', 'invocation_command': 'dbt debug', 'printer_width': '80', 'quiet': 'False', 'static_parser': 'True', 'partial_parse': 'True', 'version_check': 'True', 'debug': 'False', 'log_format': 'default', 'fail_fast': 'False', 'use_colors': 'True', 'write_json': 'True', 'introspect': 'True', 'use_experimental_parser': 'False', 'warn_error': 'None'}
[0m18:08:34.076867 [info ] [MainThread]: dbt version: 1.12.0
[0m18:08:34.077715 [info ] [MainThread]: python version: 3.12.12
[0m18:08:34.078531 [info ] [MainThread]: python path: /home/tqn6hc/Downloads/AIDE/DBT_Project/.venv/bin/python3
[0m18:08:34.079384 [info ] [MainThread]: os info: Linux-6.6.87.2-microsoft-standard-WSL2-x86_64-with-glibc2.39
[0m18:08:34.089464 [info ] [MainThread]: Error importing adapter: No module named 'dbt.adapters.duckdb'
[0m18:08:36.054217 [debug] [MainThread]: Spark adapter: Setting pyhive.hive logging to ERROR
[0m18:08:36.055617 [debug] [MainThread]: Spark adapter: Setting thrift.transport logging to ERROR
[0m18:08:36.056220 [debug] [MainThread]: Spark adapter: Setting thrift.protocol logging to ERROR
[0m18:08:37.513922 [info ] [MainThread]: Using profiles dir at /home/tqn6hc/.dbt
[0m18:08:37.514835 [info ] [MainThread]: Using profiles.yml file at /home/tqn6hc/.dbt/profiles.yml
[0m18:08:37.515534 [info ] [MainThread]: Using dbt_project.yml file at /home/tqn6hc/Downloads/AIDE/DBT_Project/dbt_project.yml
[0m18:08:37.516712 [info ] [MainThread]: Configuration:
[0m18:08:37.517693 [info ] [MainThread]:   profiles.yml file [[31mERROR invalid[0m]
[0m18:08:37.518664 [info ] [MainThread]:   dbt_project.yml file [[31mERROR not found[0m]
[0m18:08:37.519551 [info ] [MainThread]: Required dependencies:
[0m18:08:37.520201 [debug] [MainThread]: Executing "git --help"
[0m18:08:37.524372 [debug] [MainThread]: STDOUT: "b"usage: git [-v | --version] [-h | --help] [-C <path>] [-c <name>=<value>]\n           [--exec-path[=<path>]] [--html-path] [--man-path] [--info-path]\n           [-p | --paginate | -P | --no-pager] [--no-replace-objects] [--bare]\n           [--git-dir=<path>] [--work-tree=<path>] [--namespace=<name>]\n           [--config-env=<name>=<envvar>] <command> [<args>]\n\nThese are common Git commands used in various situations:\n\nstart a working area (see also: git help tutorial)\n   clone     Clone a repository into a new directory\n   init      Create an empty Git repository or reinitialize an existing one\n\nwork on the current change (see also: git help everyday)\n   add       Add file contents to the index\n   mv        Move or rename a file, a directory, or a symlink\n   restore   Restore working tree files\n   rm        Remove files from the working tree and from the index\n\nexamine the history and state (see also: git help revisions)\n   bisect    Use binary search to find the commit that introduced a bug\n   diff      Show changes between commits, commit and working tree, etc\n   grep      Print lines matching a pattern\n   log       Show commit logs\n   show      Show various types of objects\n   status    Show the working tree status\n\ngrow, mark and tweak your common history\n   branch    List, create, or delete branches\n   commit    Record changes to the repository\n   merge     Join two or more development histories together\n   rebase    Reapply commits on top of another base tip\n   reset     Reset current HEAD to the specified state\n   switch    Switch branches\n   tag       Create, list, delete or verify a tag object signed with GPG\n\ncollaborate (see also: git help workflows)\n   fetch     Download objects and refs from another repository\n   pull      Fetch from and integrate with another repository or a local branch\n   push      Update remote refs along with associated objects\n\n'git help -a' and 'git help -g' list available subcommands and some\nconcept guides. See 'git help <command>' or 'git help <concept>'\nto read about a specific subcommand or concept.\nSee 'git help git' for an overview of the system.\n""
[0m18:08:37.525345 [debug] [MainThread]: STDERR: "b''"
[0m18:08:37.526400 [info ] [MainThread]:  - git [[32mOK found[0m]

[0m18:08:37.527898 [info ] [MainThread]: Connection test skipped since no profile was found
[0m18:08:37.528884 [info ] [MainThread]: [31m2 checks failed:[0m
[0m18:08:37.529826 [info ] [MainThread]: Could not load dbt_project.yml
Profile loading failed for the following reason:
Runtime Error
  Credentials in profile "analytics_platform_profile", target "dev" invalid: Runtime Error
    Could not find adapter type duckdb!


[0m18:08:37.530787 [info ] [MainThread]: Project loading failed for the following reason:
 project path </home/tqn6hc/Downloads/AIDE/DBT_Project/dbt_project.yml> not found

[0m18:08:37.533020 [debug] [MainThread]: Resource report: {"command_name": "debug", "command_success": false, "command_wall_clock_time": 3.6766813, "process_in_blocks": "116392", "process_kernel_time": 0.625776, "process_mem_max_rss": "234220", "process_out_blocks": "8", "process_user_time": 6.193165}
[0m18:08:37.534867 [debug] [MainThread]: Command `dbt debug` failed at 18:08:37.534555 after 3.68 seconds
[0m18:08:37.536806 [debug] [MainThread]: Sending event: {'category': 'dbt', 'action': 'invocation', 'label': 'end', 'context': [<snowplow_tracker.self_describing_json.SelfDescribingJson object at 0x76d02c625a30>, <snowplow_tracker.self_describing_json.SelfDescribingJson object at 0x76d02a00c800>, <snowplow_tracker.self_describing_json.SelfDescribingJson object at 0x76d00c818410>]}
[0m18:08:37.537864 [debug] [MainThread]: Flushing usage events
[0m18:08:39.383530 [debug] [MainThread]: An error was encountered while trying to flush usage events
